// Jest Snapshot v1, https://goo.gl/fbAQLP

exports[`pruebas en el componente debe de mostrarse correctamente  1`] = `
<form
  onSubmit={[Function]}
>
  <p />
  <input
    onChange={[Function]}
    placeholder="Ingrese la categoria que desea buscar"
    type="text"
    value=""
  />
</form>
`;
