// Jest Snapshot v1, https://goo.gl/fbAQLP

exports[`pruebas en GifGridItem debe de mostrar el texto correctamente   1`] = `
<div
  className="card animate__animated animate__lightSpeedInRight"
>
  <img
    alt="Un titulo"
    src="https://localhost/imagen.png"
  />
  <p>
    Un titulo
  </p>
</div>
`;
